!********** FEATURES *********
feature@org.eclipse.stem.feature=COPY,/home/mesika/STEM_releng/org.eclipse.stem.releng/checkout_dir,org.eclipse.stem.feature
feature@org.eclipse.stem.feature.core=COPY,/home/mesika/STEM_releng/org.eclipse.stem.releng/checkout_dir,org.eclipse.stem.feature.core
feature@org.eclipse.stem.feature.prereq=COPY,/home/mesika/STEM_releng/org.eclipse.stem.releng/checkout_dir,org.eclipse.stem.feature.prereq

!********** PLUGINS **********
plugin@org.eclipse.stem.analysis=COPY,/home/mesika/STEM_releng/org.eclipse.stem.releng/checkout_dir,org.eclipse.stem.analysis
plugin@org.eclipse.stem.core=COPY,/home/mesika/STEM_releng/org.eclipse.stem.releng/checkout_dir,org.eclipse.stem.core
plugin@org.eclipse.stem.data.diseasemodels.models=COPY,/home/mesika/STEM_releng/org.eclipse.stem.releng/checkout_dir,org.eclipse.stem.data.diseasemodels.models
plugin@org.eclipse.stem.data.diseasemodels.scenarios=COPY,/home/mesika/STEM_releng/org.eclipse.stem.releng/checkout_dir,org.eclipse.stem.data.diseasemodels.scenarios
plugin@org.eclipse.stem.data.geography=COPY,/home/mesika/STEM_releng/org.eclipse.stem.releng/checkout_dir,org.eclipse.stem.data.geography
plugin@org.eclipse.stem.data.geography.infrastructure.transportation=COPY,/home/mesika/STEM_releng/org.eclipse.stem.releng/checkout_dir,org.eclipse.stem.data.geography.infrastructure.transportation
plugin@org.eclipse.stem.data.geography.models=COPY,/home/mesika/STEM_releng/org.eclipse.stem.releng/checkout_dir,org.eclipse.stem.data.geography.models
plugin@org.eclipse.stem.data.geography.population.human=COPY,/home/mesika/STEM_releng/org.eclipse.stem.releng/checkout_dir,org.eclipse.stem.data.geography.population.human
plugin@org.eclipse.stem.data.geography.population.human.models=COPY,/home/mesika/STEM_releng/org.eclipse.stem.releng/checkout_dir,org.eclipse.stem.data.geography.population.human.models
plugin@org.eclipse.stem.data.population.human=COPY,/home/mesika/STEM_releng/org.eclipse.stem.releng/checkout_dir,org.eclipse.stem.data.population.human
plugin@org.eclipse.stem.definitions=COPY,/home/mesika/STEM_releng/org.eclipse.stem.releng/checkout_dir,org.eclipse.stem.definitions
plugin@org.eclipse.stem.diseasemodels=COPY,/home/mesika/STEM_releng/org.eclipse.stem.releng/checkout_dir,org.eclipse.stem.diseasemodels
plugin@org.eclipse.stem.diseasemodels.example=COPY,/home/mesika/STEM_releng/org.eclipse.stem.releng/checkout_dir,org.eclipse.stem.diseasemodels.example
plugin@org.eclipse.stem.diseasemodels.experimental=COPY,/home/mesika/STEM_releng/org.eclipse.stem.releng/checkout_dir,org.eclipse.stem.diseasemodels.experimental
plugin@org.eclipse.stem.diseasemodels.externaldatasource=COPY,/home/mesika/STEM_releng/org.eclipse.stem.releng/checkout_dir,org.eclipse.stem.diseasemodels.externaldatasource
plugin@org.eclipse.stem.diseasemodels.forcing=COPY,/home/mesika/STEM_releng/org.eclipse.stem.releng/checkout_dir,org.eclipse.stem.diseasemodels.forcing
plugin@org.eclipse.stem.diseases=COPY,/home/mesika/STEM_releng/org.eclipse.stem.releng/checkout_dir,org.eclipse.stem.diseases
plugin@org.eclipse.stem.doc=COPY,/home/mesika/STEM_releng/org.eclipse.stem.releng/checkout_dir,org.eclipse.stem.doc
plugin@org.eclipse.stem.geography=COPY,/home/mesika/STEM_releng/org.eclipse.stem.releng/checkout_dir,org.eclipse.stem.geography
plugin@org.eclipse.stem.internal.data=COPY,/home/mesika/STEM_releng/org.eclipse.stem.releng/checkout_dir,org.eclipse.stem.internal.data
plugin@org.eclipse.stem.internal.data.geography=COPY,/home/mesika/STEM_releng/org.eclipse.stem.releng/checkout_dir,org.eclipse.stem.internal.data.geography
plugin@org.eclipse.stem.internal.data.geography.infrastructure.transportation=COPY,/home/mesika/STEM_releng/org.eclipse.stem.releng/checkout_dir,org.eclipse.stem.internal.data.geography.infrastructure.transportation
plugin@org.eclipse.stem.internal.data.geography.models=COPY,/home/mesika/STEM_releng/org.eclipse.stem.releng/checkout_dir,org.eclipse.stem.internal.data.geography.models
plugin@org.eclipse.stem.internal.data.geography.population=COPY,/home/mesika/STEM_releng/org.eclipse.stem.releng/checkout_dir,org.eclipse.stem.internal.data.geography.population
plugin@org.eclipse.stem.internal.data.geography.population.human=COPY,/home/mesika/STEM_releng/org.eclipse.stem.releng/checkout_dir,org.eclipse.stem.internal.data.geography.population.human
plugin@org.eclipse.stem.internal.data.geography.population.human.models=COPY,/home/mesika/STEM_releng/org.eclipse.stem.releng/checkout_dir,org.eclipse.stem.internal.data.geography.population.human.models
plugin@org.eclipse.stem.internal.data.population.human=COPY,/home/mesika/STEM_releng/org.eclipse.stem.releng/checkout_dir,org.eclipse.stem.internal.data.population.human
plugin@org.eclipse.stem.internal.diseasemodels.models=COPY,/home/mesika/STEM_releng/org.eclipse.stem.releng/checkout_dir,org.eclipse.stem.internal.diseasemodels.models
plugin@org.eclipse.stem.internal.diseasemodels.scenarios=COPY,/home/mesika/STEM_releng/org.eclipse.stem.releng/checkout_dir,org.eclipse.stem.internal.diseasemodels.scenarios
plugin@org.eclipse.stem.jobs=COPY,/home/mesika/STEM_releng/org.eclipse.stem.releng/checkout_dir,org.eclipse.stem.jobs
fragment@org.eclipse.stem.jobs.nl1=COPY,/home/mesika/STEM_releng/org.eclipse.stem.releng/checkout_dir,org.eclipse.stem.jobs.nl1
plugin@org.eclipse.stem.sample=COPY,/home/mesika/STEM_releng/org.eclipse.stem.releng/checkout_dir,org.eclipse.stem.sample
plugin@org.eclipse.stem.sequencers=COPY,/home/mesika/STEM_releng/org.eclipse.stem.releng/checkout_dir,org.eclipse.stem.sequencers
plugin@org.eclipse.stem.transport=COPY,/home/mesika/STEM_releng/org.eclipse.stem.releng/checkout_dir,org.eclipse.stem.transport
plugin@org.eclipse.stem.ui=COPY,/home/mesika/STEM_releng/org.eclipse.stem.releng/checkout_dir,org.eclipse.stem.ui
plugin@org.eclipse.stem.ui.diseasemodels=COPY,/home/mesika/STEM_releng/org.eclipse.stem.releng/checkout_dir,org.eclipse.stem.ui.diseasemodels
plugin@org.eclipse.stem.ui.diseasemodels.example=COPY,/home/mesika/STEM_releng/org.eclipse.stem.releng/checkout_dir,org.eclipse.stem.ui.diseasemodels.example
plugin@org.eclipse.stem.ui.diseasemodels.externaldatasource=COPY,/home/mesika/STEM_releng/org.eclipse.stem.releng/checkout_dir,org.eclipse.stem.ui.diseasemodels.externaldatasource
plugin@org.eclipse.stem.ui.diseasemodels.forcing.editor=COPY,/home/mesika/STEM_releng/org.eclipse.stem.releng/checkout_dir,org.eclipse.stem.ui.diseasemodels.forcing
plugin@org.eclipse.stem.ui.ge=COPY,/home/mesika/STEM_releng/org.eclipse.stem.releng/checkout_dir,org.eclipse.stem.ui.ge
fragment@org.eclipse.stem.ui.nl1=COPY,/home/mesika/STEM_releng/org.eclipse.stem.releng/checkout_dir,org.eclipse.stem.ui.nl1
plugin@org.eclipse.stem.ui.reports=COPY,/home/mesika/STEM_releng/org.eclipse.stem.releng/checkout_dir,org.eclipse.stem.ui.reports
plugin@org.eclipse.stem.util.analysis=COPY,/home/mesika/STEM_releng/org.eclipse.stem.releng/checkout_dir,org.eclipse.stem.util.analysis
plugin@org.eclipse.stem.util.loggers=COPY,/home/mesika/STEM_releng/org.eclipse.stem.releng/checkout_dir,org.eclipse.stem.util.loggers
plugin@org.eclipse.stem.utility=COPY,/home/mesika/STEM_releng/org.eclipse.stem.releng/checkout_dir,org.eclipse.stem.utility
