!********** FEATURES *********
feature@org.eclipse.stem.feature=COPY,${checkoutDir},org.eclipse.stem.feature
feature@org.eclipse.stem.feature.core=COPY,${checkoutDir},org.eclipse.stem.feature.core
feature@org.eclipse.stem.feature.prereq=COPY,${checkoutDir},org.eclipse.stem.feature.prereq

!********** PLUGINS **********
plugin@org.eclipse.stem.analysis=COPY,${checkoutDir},org.eclipse.stem.analysis
plugin@org.eclipse.stem.core=COPY,${checkoutDir},org.eclipse.stem.core
plugin@org.eclipse.stem.data.diseasemodels.models=COPY,${checkoutDir},org.eclipse.stem.data.diseasemodels.models
plugin@org.eclipse.stem.data.diseasemodels.scenarios=COPY,${checkoutDir},org.eclipse.stem.data.diseasemodels.scenarios
plugin@org.eclipse.stem.data.geography=COPY,${checkoutDir},org.eclipse.stem.data.geography
plugin@org.eclipse.stem.data.geography.infrastructure.transportation=COPY,${checkoutDir},org.eclipse.stem.data.geography.infrastructure.transportation
plugin@org.eclipse.stem.data.geography.models=COPY,${checkoutDir},org.eclipse.stem.data.geography.models
plugin@org.eclipse.stem.data.geography.population.human=COPY,${checkoutDir},org.eclipse.stem.data.geography.population.human
plugin@org.eclipse.stem.data.geography.population.human.models=COPY,${checkoutDir},org.eclipse.stem.data.geography.population.human.models
plugin@org.eclipse.stem.data.population.human=COPY,${checkoutDir},org.eclipse.stem.data.population.human
plugin@org.eclipse.stem.definitions=COPY,${checkoutDir},org.eclipse.stem.definitions
plugin@org.eclipse.stem.diseasemodels=COPY,${checkoutDir},org.eclipse.stem.diseasemodels
plugin@org.eclipse.stem.diseasemodels.example=COPY,${checkoutDir},org.eclipse.stem.diseasemodels.example
plugin@org.eclipse.stem.diseasemodels.experimental=COPY,${checkoutDir},org.eclipse.stem.diseasemodels.experimental
plugin@org.eclipse.stem.diseasemodels.externaldatasource=COPY,${checkoutDir},org.eclipse.stem.diseasemodels.externaldatasource
plugin@org.eclipse.stem.diseasemodels.forcing=COPY,${checkoutDir},org.eclipse.stem.diseasemodels.forcing
plugin@org.eclipse.stem.diseases=COPY,${checkoutDir},org.eclipse.stem.diseases
plugin@org.eclipse.stem.doc=COPY,${checkoutDir},org.eclipse.stem.doc
plugin@org.eclipse.stem.geography=COPY,${checkoutDir},org.eclipse.stem.geography
plugin@org.eclipse.stem.internal.data=COPY,${checkoutDir},org.eclipse.stem.internal.data
plugin@org.eclipse.stem.internal.data.geography=COPY,${checkoutDir},org.eclipse.stem.internal.data.geography
plugin@org.eclipse.stem.internal.data.geography.infrastructure.transportation=COPY,${checkoutDir},org.eclipse.stem.internal.data.geography.infrastructure.transportation
plugin@org.eclipse.stem.internal.data.geography.models=COPY,${checkoutDir},org.eclipse.stem.internal.data.geography.models
plugin@org.eclipse.stem.internal.data.geography.population=COPY,${checkoutDir},org.eclipse.stem.internal.data.geography.population
plugin@org.eclipse.stem.internal.data.geography.population.human=COPY,${checkoutDir},org.eclipse.stem.internal.data.geography.population.human
plugin@org.eclipse.stem.internal.data.geography.population.human.models=COPY,${checkoutDir},org.eclipse.stem.internal.data.geography.population.human.models
plugin@org.eclipse.stem.internal.data.population.human=COPY,${checkoutDir},org.eclipse.stem.internal.data.population.human
plugin@org.eclipse.stem.internal.diseasemodels.models=COPY,${checkoutDir},org.eclipse.stem.internal.diseasemodels.models
plugin@org.eclipse.stem.internal.diseasemodels.scenarios=COPY,${checkoutDir},org.eclipse.stem.internal.diseasemodels.scenarios
plugin@org.eclipse.stem.jobs=COPY,${checkoutDir},org.eclipse.stem.jobs
fragment@org.eclipse.stem.jobs.nl1=COPY,${checkoutDir},org.eclipse.stem.jobs.nl1
plugin@org.eclipse.stem.populationmodels=COPY,${checkoutDir},org.eclipse.stem.populationmodels
plugin@org.eclipse.stem.sample=COPY,${checkoutDir},org.eclipse.stem.sample
plugin@org.eclipse.stem.sequencers=COPY,${checkoutDir},org.eclipse.stem.sequencers
plugin@org.eclipse.stem.solvers.fd=COPY,${checkoutDir},org.eclipse.stem.solvers.fd
plugin@org.eclipse.stem.solvers.rk=COPY,${checkoutDir},org.eclipse.stem.solvers.rk
plugin@org.eclipse.stem.transport=COPY,${checkoutDir},org.eclipse.stem.transport
plugin@org.eclipse.stem.ui=COPY,${checkoutDir},org.eclipse.stem.ui
plugin@org.eclipse.stem.ui.diseasemodels=COPY,${checkoutDir},org.eclipse.stem.ui.diseasemodels
plugin@org.eclipse.stem.ui.diseasemodels.example=COPY,${checkoutDir},org.eclipse.stem.ui.diseasemodels.example
plugin@org.eclipse.stem.ui.diseasemodels.externaldatasource=COPY,${checkoutDir},org.eclipse.stem.ui.diseasemodels.externaldatasource
plugin@org.eclipse.stem.ui.diseasemodels.forcing.editor=COPY,${checkoutDir},org.eclipse.stem.ui.diseasemodels.forcing
plugin@org.eclipse.stem.ui.ge=COPY,${checkoutDir},org.eclipse.stem.ui.ge
fragment@org.eclipse.stem.ui.nl1=COPY,${checkoutDir},org.eclipse.stem.ui.nl1
plugin@org.eclipse.stem.ui.populationmodels=COPY,${checkoutDir},org.eclipse.stem.ui.populationmodels
plugin@org.eclipse.stem.ui.reports=COPY,${checkoutDir},org.eclipse.stem.ui.reports
plugin@org.eclipse.stem.ui.solvers.fd=COPY,${checkoutDir},org.eclipse.stem.ui.solvers.fd
plugin@org.eclipse.stem.ui.solvers.rk=COPY,${checkoutDir},org.eclipse.stem.ui.solvers.rk
plugin@org.eclipse.stem.util.analysis=COPY,${checkoutDir},org.eclipse.stem.util.analysis
plugin@org.eclipse.stem.util.loggers=COPY,${checkoutDir},org.eclipse.stem.util.loggers
plugin@org.eclipse.stem.utility=COPY,${checkoutDir},org.eclipse.stem.utility
