!********** FEATURES *********
feature@org.eclipse.stem.feature=HEAD,:pserver:anonymous@dev.eclipse.org:/cvsroot/technology,,org.eclipse.ohf/plugins/org.eclipse.stem.feature
feature@org.eclipse.stem.feature.core=HEAD,:pserver:anonymous@dev.eclipse.org:/cvsroot/technology,,org.eclipse.ohf/plugins/org.eclipse.stem.feature.core
feature@org.eclipse.stem.feature.prereq=HEAD,:pserver:anonymous@dev.eclipse.org:/cvsroot/technology,,org.eclipse.ohf/plugins/org.eclipse.stem.feature.prereq

!********** PLUGINS **********
plugin@org.eclipse.stem.analysis=HEAD,:pserver:anonymous@dev.eclipse.org:/cvsroot/technology,,org.eclipse.ohf/plugins/org.eclipse.stem.analysis
plugin@org.eclipse.stem.core=HEAD,:pserver:anonymous@dev.eclipse.org:/cvsroot/technology,,org.eclipse.ohf/plugins/org.eclipse.stem.core
plugin@org.eclipse.stem.data.diseasemodels.models=HEAD,:pserver:anonymous@dev.eclipse.org:/cvsroot/technology,,org.eclipse.ohf/plugins/org.eclipse.stem.data.diseasemodels.models
plugin@org.eclipse.stem.data.diseasemodels.scenarios=HEAD,:pserver:anonymous@dev.eclipse.org:/cvsroot/technology,,org.eclipse.ohf/plugins/org.eclipse.stem.data.diseasemodels.scenarios
plugin@org.eclipse.stem.data.geography=HEAD,:pserver:anonymous@dev.eclipse.org:/cvsroot/technology,,org.eclipse.ohf/plugins/org.eclipse.stem.data.geography
plugin@org.eclipse.stem.data.geography.infrastructure.transportation=HEAD,:pserver:anonymous@dev.eclipse.org:/cvsroot/technology,,org.eclipse.ohf/plugins/org.eclipse.stem.data.geography.infrastructure.transportation
plugin@org.eclipse.stem.data.geography.models=HEAD,:pserver:anonymous@dev.eclipse.org:/cvsroot/technology,,org.eclipse.ohf/plugins/org.eclipse.stem.data.geography.models
plugin@org.eclipse.stem.data.geography.population.human=HEAD,:pserver:anonymous@dev.eclipse.org:/cvsroot/technology,,org.eclipse.ohf/plugins/org.eclipse.stem.data.geography.population.human
plugin@org.eclipse.stem.data.geography.population.human.models=HEAD,:pserver:anonymous@dev.eclipse.org:/cvsroot/technology,,org.eclipse.ohf/plugins/org.eclipse.stem.data.geography.population.human.models
plugin@org.eclipse.stem.definitions=HEAD,:pserver:anonymous@dev.eclipse.org:/cvsroot/technology,,org.eclipse.ohf/plugins/org.eclipse.stem.definitions
plugin@org.eclipse.stem.diseasemodels=HEAD,:pserver:anonymous@dev.eclipse.org:/cvsroot/technology,,org.eclipse.ohf/plugins/org.eclipse.stem.diseasemodels
plugin@org.eclipse.stem.diseasemodels.example=HEAD,:pserver:anonymous@dev.eclipse.org:/cvsroot/technology,,org.eclipse.ohf/plugins/org.eclipse.stem.diseasemodels.example
plugin@org.eclipse.stem.diseasemodels.externaldatasource=HEAD,:pserver:anonymous@dev.eclipse.org:/cvsroot/technology,,org.eclipse.ohf/plugins/org.eclipse.stem.diseasemodels.externaldatasource
plugin@org.eclipse.stem.diseasemodels.forcing=HEAD,:pserver:anonymous@dev.eclipse.org:/cvsroot/technology,,org.eclipse.ohf/plugins/org.eclipse.stem.diseasemodels.forcing
plugin@org.eclipse.stem.diseases=HEAD,:pserver:anonymous@dev.eclipse.org:/cvsroot/technology,,org.eclipse.ohf/plugins/org.eclipse.stem.diseases
plugin@org.eclipse.stem.doc=HEAD,:pserver:anonymous@dev.eclipse.org:/cvsroot/technology,,org.eclipse.ohf/plugins/org.eclipse.stem.doc
plugin@org.eclipse.stem.geography=HEAD,:pserver:anonymous@dev.eclipse.org:/cvsroot/technology,,org.eclipse.ohf/plugins/org.eclipse.stem.geography
plugin@org.eclipse.stem.internal.data=HEAD,:pserver:anonymous@dev.eclipse.org:/cvsroot/technology,,org.eclipse.ohf/plugins/org.eclipse.stem.internal.data
plugin@org.eclipse.stem.internal.data.geography=HEAD,:pserver:anonymous@dev.eclipse.org:/cvsroot/technology,,org.eclipse.ohf/plugins/org.eclipse.stem.internal.data.geography
plugin@org.eclipse.stem.internal.data.geography.infrastructure.transportation=HEAD,:pserver:anonymous@dev.eclipse.org:/cvsroot/technology,,org.eclipse.ohf/plugins/org.eclipse.stem.internal.data.geography.infrastructure.transportation
plugin@org.eclipse.stem.internal.data.geography.models=HEAD,:pserver:anonymous@dev.eclipse.org:/cvsroot/technology,,org.eclipse.ohf/plugins/org.eclipse.stem.internal.data.geography.models
plugin@org.eclipse.stem.internal.data.geography.population=HEAD,:pserver:anonymous@dev.eclipse.org:/cvsroot/technology,,org.eclipse.ohf/plugins/org.eclipse.stem.internal.data.geography.population
plugin@org.eclipse.stem.internal.data.geography.population.human=HEAD,:pserver:anonymous@dev.eclipse.org:/cvsroot/technology,,org.eclipse.ohf/plugins/org.eclipse.stem.internal.data.geography.population.human
plugin@org.eclipse.stem.internal.data.geography.population.human.models=HEAD,:pserver:anonymous@dev.eclipse.org:/cvsroot/technology,,org.eclipse.ohf/plugins/org.eclipse.stem.internal.data.geography.population.human.models
plugin@org.eclipse.stem.internal.diseasemodels.models=HEAD,:pserver:anonymous@dev.eclipse.org:/cvsroot/technology,,org.eclipse.ohf/plugins/org.eclipse.stem.internal.diseasemodels.models
plugin@org.eclipse.stem.internal.diseasemodels.scenarios=HEAD,:pserver:anonymous@dev.eclipse.org:/cvsroot/technology,,org.eclipse.ohf/plugins/org.eclipse.stem.internal.diseasemodels.scenarios
plugin@org.eclipse.stem.jobs=HEAD,:pserver:anonymous@dev.eclipse.org:/cvsroot/technology,,org.eclipse.ohf/plugins/org.eclipse.stem.jobs
fragment@org.eclipse.stem.jobs.nl1=HEAD,:pserver:anonymous@dev.eclipse.org:/cvsroot/technology,,org.eclipse.ohf/plugins/org.eclipse.stem.jobs.nl1
plugin@org.eclipse.stem.sequencers=HEAD,:pserver:anonymous@dev.eclipse.org:/cvsroot/technology,,org.eclipse.ohf/plugins/org.eclipse.stem.sequencers
plugin@org.eclipse.stem.transport=HEAD,:pserver:anonymous@dev.eclipse.org:/cvsroot/technology,,org.eclipse.ohf/plugins/org.eclipse.stem.transport
plugin@org.eclipse.stem.ui=HEAD,:pserver:anonymous@dev.eclipse.org:/cvsroot/technology,,org.eclipse.ohf/plugins/org.eclipse.stem.ui
plugin@org.eclipse.stem.ui.diseasemodels=HEAD,:pserver:anonymous@dev.eclipse.org:/cvsroot/technology,,org.eclipse.ohf/plugins/org.eclipse.stem.ui.diseasemodels
plugin@org.eclipse.stem.ui.diseasemodels.example=HEAD,:pserver:anonymous@dev.eclipse.org:/cvsroot/technology,,org.eclipse.ohf/plugins/org.eclipse.stem.ui.diseasemodels.example
plugin@org.eclipse.stem.ui.diseasemodels.externaldatasource=HEAD,:pserver:anonymous@dev.eclipse.org:/cvsroot/technology,,org.eclipse.ohf/plugins/org.eclipse.stem.ui.diseasemodels.externaldatasource
plugin@org.eclipse.stem.ui.diseasemodels.forcing.editor=HEAD,:pserver:anonymous@dev.eclipse.org:/cvsroot/technology,,org.eclipse.ohf/plugins/org.eclipse.stem.ui.diseasemodels.forcing
plugin@org.eclipse.stem.ui.ge=HEAD,:pserver:anonymous@dev.eclipse.org:/cvsroot/technology,,org.eclipse.ohf/plugins/org.eclipse.stem.ui.ge
fragment@org.eclipse.stem.ui.nl1=HEAD,:pserver:anonymous@dev.eclipse.org:/cvsroot/technology,,org.eclipse.ohf/plugins/org.eclipse.stem.ui.nl1
plugin@org.eclipse.stem.ui.reports=HEAD,:pserver:anonymous@dev.eclipse.org:/cvsroot/technology,,org.eclipse.ohf/plugins/org.eclipse.stem.ui.reports
plugin@org.eclipse.stem.util.analysis=HEAD,:pserver:anonymous@dev.eclipse.org:/cvsroot/technology,,org.eclipse.ohf/plugins/org.eclipse.stem.util.analysis
plugin@org.eclipse.stem.util.loggers=HEAD,:pserver:anonymous@dev.eclipse.org:/cvsroot/technology,,org.eclipse.ohf/plugins/org.eclipse.stem.util.loggers
